// Jest Snapshot v1, https://goo.gl/fbAQLP

exports[`Features Commute Form Intro Component Appearance should render 1`] = `
<ul
  className="commute-form-intro__CommuteFormIntroCopy-n5yvyc-0 cjgizk"
>
  <li>
    Pick your work station by typing in the dropdown.
  </li>
  <li>
    Choose the area where you wish to live on the map by moving the red marker.
  </li>
  <li>
    Change the radius on the map with the radius picker above the map.
  </li>
  <li>
    Hit submit and see the different areas you can live with their commute times.
  </li>
</ul>
`;
