// Jest Snapshot v1, https://goo.gl/fbAQLP

exports[`Features Home component should return content 1`] = `
<React.Fragment>
  <HelmetWrapper
    defer={true}
    encodeSpecialCharacters={true}
  >
    <title>
      Whoop Whoop Commute - Home
    </title>
  </HelmetWrapper>
  <GridContainer
    mb={
      Array [
        20,
        30,
        55,
      ]
    }
  >
    <GridItem
      width={
        Array [
          1,
          1,
          1,
        ]
      }
    >
      <GridItem
        mb={
          Array [
            20,
            30,
            55,
          ]
        }
        px={
          Array [
            0,
            0,
            0,
          ]
        }
        width={
          Array [
            1,
            1,
            0.5,
          ]
        }
      >
        <HomeForecast
          forecastSummary="test"
        />
      </GridItem>
      <Connect(CommuteFormContainer) />
    </GridItem>
  </GridContainer>
</React.Fragment>
`;
