// Jest Snapshot v1, https://goo.gl/fbAQLP

exports[`Features Home component should return content 1`] = `
<home__HomeContainer>
  <GridItem
    py={
      Array [
        "6px",
        "8px",
        "12px",
      ]
    }
    width={
      Array [
        1,
        1,
        1,
      ]
    }
  >
    <div>
      test
    </div>
  </GridItem>
</home__HomeContainer>
`;
