// Jest Snapshot v1, https://goo.gl/fbAQLP

exports[`Features Home component should return content 1`] = `
<home__HomeContainer>
  <GridItem
    py={
      Array [
        "6px",
        "6px",
        "12px",
      ]
    }
    width={
      Array [
        1,
        1,
        1,
      ]
    }
  >
    <home__ButtonStyled
      copy="A Book"
      to="/books/a-book"
    />
    <home__ButtonStyled
      copy="My Second Book"
      to="/books/my-second-book"
    />
    <home__ButtonStyled
      copy="Thuggish Ruggish Bone"
      to="/books/thuggish-ruggish-bone"
    />
    <home__ButtonStyled
      copy="Tommy Wright III, Memphis Legend"
      to="/books/tommy-wright-iii-memphis-legend"
    />
  </GridItem>
</home__HomeContainer>
`;
